225.47087097
245.67460632
232.80288696
229.51301575
217.59494019
207.93991089
201.96940613
194.00720215
197.69416809
199.42311096
