225.11299133
243.58525085
229.45321655
224.28414917
212.65376282
204.06687927
197.81901550
190.08296204
193.72265625
195.21139526
