225.10006714
243.58285522
229.47399902
224.31018066
212.68742371
204.09915161
197.85253906
190.12380981
193.74653625
195.23658752
